Info: Starting: Create block symbol file (.bsf)
Info: qsys-generate F:\Users\Florian\Documents\Sketchbook\JTAG_Interface\FPGA-code\projects\JTAG_Interface\JTAG.qsys --block-symbol-file --output-directory=F:\Users\Florian\Documents\Sketchbook\JTAG_Interface\FPGA-code\projects\JTAG_Interface\JTAG --family="Cyclone 10 LP" --part=10CL016YU256C8G
Progress: Loading JTAG_Interface/JTAG.qsys
Progress: Reading input file
Progress: Adding virtual_jtag_0 [altera_virtual_jtag 20.1]
Progress: Parameterizing module virtual_jtag_0
Progress: Building connections
Progress: Parameterizing connections
Progress: Validating
Progress: Done reading input file
Info: qsys-generate succeeded.
Info: Finished: Create block symbol file (.bsf)
Info: 
Info: Starting: Create HDL design files for synthesis
Info: qsys-generate F:\Users\Florian\Documents\Sketchbook\JTAG_Interface\FPGA-code\projects\JTAG_Interface\JTAG.qsys --synthesis=VERILOG --output-directory=F:\Users\Florian\Documents\Sketchbook\JTAG_Interface\FPGA-code\projects\JTAG_Interface\JTAG\synthesis --family="Cyclone 10 LP" --part=10CL016YU256C8G
Progress: Loading JTAG_Interface/JTAG.qsys
Progress: Reading input file
Progress: Adding virtual_jtag_0 [altera_virtual_jtag 20.1]
Progress: Parameterizing module virtual_jtag_0
Progress: Building connections
Progress: Parameterizing connections
Progress: Validating
Progress: Done reading input file
Info: JTAG: Generating JTAG "JTAG" for QUARTUS_SYNTH
Info: virtual_jtag_0: "JTAG" instantiated altera_virtual_jtag "virtual_jtag_0"
Info: JTAG: Done "JTAG" with 2 modules, 1 files
Info: qsys-generate succeeded.
Info: Finished: Create HDL design files for synthesis
